../app/app_sm.c:64:6:send_state_via_uart	8	static
../app/app_sm.c:80:6:app_peripheral_init	8	static
../app/app_sm.c:94:6:unpack_frame	24	static
../app/app_sm.c:136:6:app_sm_init	8	static
../app/app_sm.c:143:6:app_sm_run	16	static
../app/app_sm.c:148:6:app_run	8	static
../app/app_sm.c:153:12:sm_reset_state	24	static
../app/app_sm.c:163:12:sm_idle_state	24	static
../app/app_sm.c:182:12:sm_heat_state	24	static
../app/app_sm.c:204:12:sm_cool_state	24	static
../app/app_sm.c:226:12:sm_control_state	40	static
../app/app_sm.c:252:6:HAL_UART_RxCpltCallback	16	static
../app/app_sm.c:261:6:HAL_UART_TxCpltCallback	16	static
../app/app_sm.c:269:6:HAL_TIM_PeriodElapsedCallback	48	static
