../app/app_sm.c:71:6:send_state_via_uart	8	static
../app/app_sm.c:89:6:app_peripheral_init	8	static
../app/app_sm.c:103:6:unpack_frame	24	static
../app/app_sm.c:145:6:app_sm_init	8	static
../app/app_sm.c:152:6:app_sm_run	16	static
../app/app_sm.c:157:6:app_run	8	static
../app/app_sm.c:162:12:sm_reset_state	24	static
../app/app_sm.c:172:12:sm_idle_state	24	static
../app/app_sm.c:191:12:sm_heat_state	24	static
../app/app_sm.c:213:12:sm_cool_state	24	static
../app/app_sm.c:235:12:sm_control_state	40	static
../app/app_sm.c:261:6:uart1_rx_cbk	8	static
../app/app_sm.c:267:6:uart1_tx_cbk	4	static
../app/app_sm.c:272:6:tim3_cbk	40	static
