../app/hw.c:18:6:hw_load_turn_on_heat	8	static
../app/hw.c:23:6:hw_load_turn_off_heat	8	static
../app/hw.c:28:6:hw_fan_turn_on	8	static
../app/hw.c:34:6:hw_fan_turn_off	8	static
../app/hw.c:40:6:hw_fan_speed_control	16	static
../app/hw.c:46:6:hw_pwm_set_dc	24	static
../app/hw.c:58:6:hw_turn_on_tim_interrup	8	static
../app/hw.c:63:6:hw_turn_off_tim_interrup	8	static
../app/hw.c:68:6:HAL_UART_RxCpltCallback	16	static
../app/hw.c:76:6:HAL_UART_TxCpltCallback	16	static
../app/hw.c:84:6:HAL_TIM_PeriodElapsedCallback	16	static
