Archive member included to satisfy reference by file (symbol)

/opt/st/stm32cubeide_1.18.0/plugins/com.st.stm32cube.ide.mcu.externaltools.gnu-tools-for-stm32.13.3.rel1.linux64_1.0.0.202410170706/tools/bin/../lib/gcc/arm-none-eabi/13.3.1/../../../../arm-none-eabi/lib/thumb/v7e-m+fp/hard/libc_nano.a(libc_a-exit.o)
                              /opt/st/stm32cubeide_1.18.0/plugins/com.st.stm32cube.ide.mcu.externaltools.gnu-tools-for-stm32.13.3.rel1.linux64_1.0.0.202410170706/tools/bin/../lib/gcc/arm-none-eabi/13.3.1/../../../../arm-none-eabi/lib/thumb/v7e-m+fp/hard/crt0.o (exit)
/opt/st/stm32cubeide_1.18.0/plugins/com.st.stm32cube.ide.mcu.externaltools.gnu-tools-for-stm32.13.3.rel1.linux64_1.0.0.202410170706/tools/bin/../lib/gcc/arm-none-eabi/13.3.1/../../../../arm-none-eabi/lib/thumb/v7e-m+fp/hard/libc_nano.a(libc_a-findfp.o)
                              /opt/st/stm32cubeide_1.18.0/plugins/com.st.stm32cube.ide.mcu.externaltools.gnu-tools-for-stm32.13.3.rel1.linux64_1.0.0.202410170706/tools/bin/../lib/gcc/arm-none-eabi/13.3.1/../../../../arm-none-eabi/lib/thumb/v7e-m+fp/hard/libc_nano.a(libc_a-exit.o) (__stdio_exit_handler)
/opt/st/stm32cubeide_1.18.0/plugins/com.st.stm32cube.ide.mcu.externaltools.gnu-tools-for-stm32.13.3.rel1.linux64_1.0.0.202410170706/tools/bin/../lib/gcc/arm-none-eabi/13.3.1/../../../../arm-none-eabi/lib/thumb/v7e-m+fp/hard/libc_nano.a(libc_a-fwalk.o)
                              /opt/st/stm32cubeide_1.18.0/plugins/com.st.stm32cube.ide.mcu.externaltools.gnu-tools-for-stm32.13.3.rel1.linux64_1.0.0.202410170706/tools/bin/../lib/gcc/arm-none-eabi/13.3.1/../../../../arm-none-eabi/lib/thumb/v7e-m+fp/hard/libc_nano.a(libc_a-findfp.o) (_fwalk_sglue)
/opt/st/stm32cubeide_1.18.0/plugins/com.st.stm32cube.ide.mcu.externaltools.gnu-tools-for-stm32.13.3.rel1.linux64_1.0.0.202410170706/tools/bin/../lib/gcc/arm-none-eabi/13.3.1/../../../../arm-none-eabi/lib/thumb/v7e-m+fp/hard/libc_nano.a(libc_a-stdio.o)
                              /opt/st/stm32cubeide_1.18.0/plugins/com.st.stm32cube.ide.mcu.externaltools.gnu-tools-for-stm32.13.3.rel1.linux64_1.0.0.202410170706/tools/bin/../lib/gcc/arm-none-eabi/13.3.1/../../../../arm-none-eabi/lib/thumb/v7e-m+fp/hard/libc_nano.a(libc_a-findfp.o) (__sread)
/opt/st/stm32cubeide_1.18.0/plugins/com.st.stm32cube.ide.mcu.externaltools.gnu-tools-for-stm32.13.3.rel1.linux64_1.0.0.202410170706/tools/bin/../lib/gcc/arm-none-eabi/13.3.1/../../../../arm-none-eabi/lib/thumb/v7e-m+fp/hard/libc_nano.a(libc_a-memset.o)
                              /opt/st/stm32cubeide_1.18.0/plugins/com.st.stm32cube.ide.mcu.externaltools.gnu-tools-for-stm32.13.3.rel1.linux64_1.0.0.202410170706/tools/bin/../lib/gcc/arm-none-eabi/13.3.1/../../../../arm-none-eabi/lib/thumb/v7e-m+fp/hard/crt0.o (memset)
/opt/st/stm32cubeide_1.18.0/plugins/com.st.stm32cube.ide.mcu.externaltools.gnu-tools-for-stm32.13.3.rel1.linux64_1.0.0.202410170706/tools/bin/../lib/gcc/arm-none-eabi/13.3.1/../../../../arm-none-eabi/lib/thumb/v7e-m+fp/hard/libc_nano.a(libc_a-closer.o)
                              /opt/st/stm32cubeide_1.18.0/plugins/com.st.stm32cube.ide.mcu.externaltools.gnu-tools-for-stm32.13.3.rel1.linux64_1.0.0.202410170706/tools/bin/../lib/gcc/arm-none-eabi/13.3.1/../../../../arm-none-eabi/lib/thumb/v7e-m+fp/hard/libc_nano.a(libc_a-stdio.o) (_close_r)
/opt/st/stm32cubeide_1.18.0/plugins/com.st.stm32cube.ide.mcu.externaltools.gnu-tools-for-stm32.13.3.rel1.linux64_1.0.0.202410170706/tools/bin/../lib/gcc/arm-none-eabi/13.3.1/../../../../arm-none-eabi/lib/thumb/v7e-m+fp/hard/libc_nano.a(libc_a-reent.o)
                              /opt/st/stm32cubeide_1.18.0/plugins/com.st.stm32cube.ide.mcu.externaltools.gnu-tools-for-stm32.13.3.rel1.linux64_1.0.0.202410170706/tools/bin/../lib/gcc/arm-none-eabi/13.3.1/../../../../arm-none-eabi/lib/thumb/v7e-m+fp/hard/libc_nano.a(libc_a-closer.o) (errno)
/opt/st/stm32cubeide_1.18.0/plugins/com.st.stm32cube.ide.mcu.externaltools.gnu-tools-for-stm32.13.3.rel1.linux64_1.0.0.202410170706/tools/bin/../lib/gcc/arm-none-eabi/13.3.1/../../../../arm-none-eabi/lib/thumb/v7e-m+fp/hard/libc_nano.a(libc_a-impure.o)
                              /opt/st/stm32cubeide_1.18.0/plugins/com.st.stm32cube.ide.mcu.externaltools.gnu-tools-for-stm32.13.3.rel1.linux64_1.0.0.202410170706/tools/bin/../lib/gcc/arm-none-eabi/13.3.1/../../../../arm-none-eabi/lib/thumb/v7e-m+fp/hard/libc_nano.a(libc_a-reent.o) (_impure_ptr)
/opt/st/stm32cubeide_1.18.0/plugins/com.st.stm32cube.ide.mcu.externaltools.gnu-tools-for-stm32.13.3.rel1.linux64_1.0.0.202410170706/tools/bin/../lib/gcc/arm-none-eabi/13.3.1/../../../../arm-none-eabi/lib/thumb/v7e-m+fp/hard/libc_nano.a(libc_a-lseekr.o)
                              /opt/st/stm32cubeide_1.18.0/plugins/com.st.stm32cube.ide.mcu.externaltools.gnu-tools-for-stm32.13.3.rel1.linux64_1.0.0.202410170706/tools/bin/../lib/gcc/arm-none-eabi/13.3.1/../../../../arm-none-eabi/lib/thumb/v7e-m+fp/hard/libc_nano.a(libc_a-stdio.o) (_lseek_r)
[...]
Memory Configuration

Name             Origin             Length             Attributes
RAM              0x20000000         0x00020000         xrw
FLASH            0x08000000         0x00080000         xr
*default*        0x00000000         0xffffffff

Linker script and memory map

LOAD /opt/st/stm32cubeide_1.18.0/plugins/com.st.stm32cube.ide.mcu.externaltools.gnu-tools-for-stm32.13.3.rel1.linux64_1.0.0.202410170706/tools/bin/../lib/gcc/arm-none-eabi/13.3.1/thumb/v7e-m+fp/hard/crti.o
LOAD /opt/st/stm32cubeide_1.18.0/plugins/com.st.stm32cube.ide.mcu.externaltools.gnu-tools-for-stm32.13.3.rel1.linux64_1.0.0.202410170706/tools/bin/../lib/gcc/arm-none-eabi/13.3.1/thumb/v7e-m+fp/hard/crtbegin.o
LOAD /opt/st/stm32cubeide_1.18.0/plugins/com.st.stm32cube.ide.mcu.externaltools.gnu-tools-for-stm32.13.3.rel1.linux64_1.0.0.202410170706/tools/bin/../lib/gcc/arm-none-eabi/13.3.1/../../../../arm-none-eabi/lib/thumb/v7e-m+fp/hard/crt0.o
LOAD ./Core/Src/main.o
LOAD ./Core/Src/stm32f4xx_hal_msp.o
LOAD ./Core/Src/stm32f4xx_it.o
LOAD ./Core/Src/syscalls.o
LOAD ./Core/Src/sysmem.o
LOAD ./Core/Src/system_stm32f4xx.o
LOAD ./Core/Startup/startup_stm32f411ceux.o
LOAD ./Drivers/STM32F4xx_HAL_Driver/Src/stm32f4xx_hal.o
LOAD ./Drivers/STM32F4xx_HAL_Driver/Src/stm32f4xx_hal_adc.o
LOAD ./Drivers/STM32F4xx_HAL_Driver/Src/stm32f4xx_hal_adc_ex.o
LOAD ./Drivers/STM32F4xx_HAL_Driver/Src/stm32f4xx_hal_cortex.o
LOAD ./Drivers/STM32F4xx_HAL_Driver/Src/stm32f4xx_hal_dma.o
LOAD ./Drivers/STM32F4xx_HAL_Driver/Src/stm32f4xx_hal_dma_ex.o
LOAD ./Drivers/STM32F4xx_HAL_Driver/Src/stm32f4xx_hal_exti.o
LOAD ./Drivers/STM32F4xx_HAL_Driver/Src/stm32f4xx_hal_flash.o
LOAD ./Drivers/STM32F4xx_HAL_Driver/Src/stm32f4xx_hal_flash_ex.o
LOAD ./Drivers/STM32F4xx_HAL_Driver/Src/stm32f4xx_hal_flash_ramfunc.o
LOAD ./Drivers/STM32F4xx_HAL_Driver/Src/stm32f4xx_hal_gpio.o
LOAD ./Drivers/STM32F4xx_HAL_Driver/Src/stm32f4xx_hal_pwr.o
LOAD ./Drivers/STM32F4xx_HAL_Driver/Src/stm32f4xx_hal_pwr_ex.o
LOAD ./Drivers/STM32F4xx_HAL_Driver/Src/stm32f4xx_hal_rcc.o
LOAD ./Drivers/STM32F4xx_HAL_Driver/Src/stm32f4xx_hal_rcc_ex.o
LOAD ./Drivers/STM32F4xx_HAL_Driver/Src/stm32f4xx_hal_tim.o
LOAD ./Drivers/STM32F4xx_HAL_Driver/Src/stm32f4xx_hal_tim_ex.o
LOAD ./Drivers/STM32F4xx_HAL_Driver/Src/stm32f4xx_hal_uart.o
LOAD ./Drivers/STM32F4xx_HAL_Driver/Src/stm32f4xx_ll_adc.o
LOAD ./app/app_sm.o
LOAD ./app/checksum.o
LOAD ./app/control.o
LOAD ./app/hal_uart.o
LOAD ./app/hw.o
LOAD ./app/payload_composer.o
START GROUP
LOAD /opt/st/stm32cubeide_1.18.0/plugins/com.st.stm32cube.ide.mcu.externaltools.gnu-tools-for-stm32.13.3.rel1.linux64_1.0.0.202410170706/tools/bin/../lib/gcc/arm-none-eabi/13.3.1/../../../../arm-none-eabi/lib/thumb/v7e-m+fp/hard/libc_nano.a
LOAD /opt/st/stm32cubeide_1.18.0/plugins/com.st.stm32cube.ide.mcu.externaltools.gnu-tools-for-stm32.13.3.rel1.linux64_1.0.0.202410170706/tools/bin/../lib/gcc/arm-none-eabi/13.3.1/../../../../arm-none-eabi/lib/thumb/v7e-m+fp/hard/libm.a
END GROUP
START GROUP
LOAD /opt/st/stm32cubeide_1.18.0/plugins/com.st.stm32cube.ide.mcu.externaltools.gnu-tools-for-stm32.13.3.rel1.linux64_1.0.0.202410170706/tools/bin/../lib/gcc/arm-none-eabi/13.3.1/thumb/v7e-m+fp/hard/libgcc.a
LOAD /opt/st/stm32cubeide_1.18.0/plugins/com.st.stm32cube.ide.mcu.externaltools.gnu-tools-for-stm32.13.3.rel1.linux64_1.0.0.202410170706/tools/bin/../lib/gcc/arm-none-eabi/13.3.1/../../../../arm-none-eabi/lib/thumb/v7e-m+fp/hard/libc_nano.a
END GROUP
START GROUP
LOAD /opt/st/stm32cubeide_1.18.0/plugins/com.st.stm32cube.ide.mcu.externaltools.gnu-tools-for-stm32.13.3.rel1.linux64_1.0.0.202410170706/tools/bin/../lib/gcc/arm-none-eabi/13.3.1/thumb/v7e-m+fp/hard/libgcc.a
LOAD /opt/st/stm32cubeide_1.18.0/plugins/com.st.stm32cube.ide.mcu.externaltools.gnu-tools-for-stm32.13.3.rel1.linux64_1.0.0.202410170706/tools/bin/../lib/gcc/arm-none-eabi/13.3.1/../../../../arm-none-eabi/lib/thumb/v7e-m+fp/hard/libc_nano.a
LOAD /opt/st/stm32cubeide_1.18.0/plugins/com.st.stm32cube.ide.mcu.externaltools.gnu-tools-for-stm32.13.3.rel1.linux64_1.0.0.202410170706/tools/bin/../lib/gcc/arm-none-eabi/13.3.1/../../../../arm-none-eabi/lib/thumb/v7e-m+fp/hard/libnosys.a
END GROUP
START GROUP
LOAD /opt/st/stm32cubeide_1.18.0/plugins/com.st.stm32cube.ide.mcu.externaltools.gnu-tools-for-stm32.13.3.rel1.linux64_1.0.0.202410170706/tools/bin/../lib/gcc/arm-none-eabi/13.3.1/thumb/v7e-m+fp/hard/libgcc.a
LOAD /opt/st/stm32cubeide_1.18.0/plugins/com.st.stm32cube.ide.mcu.externaltools.gnu-tools-for-stm32.13.3.rel1.linux64_1.0.0.202410170706/tools/bin/../lib/gcc/arm-none-eabi/13.3.1/../../../../arm-none-eabi/lib/thumb/v7e-m+fp/hard/libc_nano.a
LOAD /opt/st/stm32cubeide_1.18.0/plugins/com.st.stm32cube.ide.mcu.externaltools.gnu-tools-for-stm32.13.3.rel1.linux64_1.0.0.202410170706/tools/bin/../lib/gcc/arm-none-eabi/13.3.1/../../../../arm-none-eabi/lib/thumb/v7e-m+fp/hard/libnosys.a
END GROUP
LOAD /opt/st/stm32cubeide_1.18.0/plugins/com.st.stm32cube.ide.mcu.externaltools.gnu-tools-for-stm32.13.3.rel1.linux64_1.0.0.202410170706/tools/bin/../lib/gcc/arm-none-eabi/13.3.1/thumb/v7e-m+fp/hard/crtend.o
LOAD /opt/st/stm32cubeide_1.18.0/plugins/com.st.stm32cube.ide.mcu.externaltools.gnu-tools-for-stm32.13.3.rel1.linux64_1.0.0.202410170706/tools/bin/../lib/gcc/arm-none-eabi/13.3.1/thumb/v7e-m+fp/hard/crtn.o
                0x20020000                        _estack = (ORIGIN (RAM) + LENGTH (RAM))
                0x00000200                        _Min_Heap_Size = 0x200
                0x00000400                        _Min_Stack_Size = 0x400

.isr_vector     0x08000000      0x198
                0x08000000                        . = ALIGN (0x4)
 *(.isr_vector)
 .isr_vector    0x08000000      0x198 ./Core/Startup/startup_stm32f411ceux.o
                0x08000000                g_pfnVectors
                0x08000198                        . = ALIGN (0x4)

.text           0x08000198     0x54d0
                0x08000198                        . = ALIGN (0x4)
 *(.text)
 .text          0x08000198       0x40 /opt/st/stm32cubeide_1.18.0/plugins/com.st.stm32cube.ide.mcu.externaltools.gnu-tools-for-stm32.13.3.rel1.linux64_1.0.0.202410170706/tools/bin/../lib/gcc/arm-none-eabi/13.3.1/thumb/v7e-m+fp/hard/crtbegin.o
 .text          0x080001d8      0x254 /opt/st/stm32cubeide_1.18.0/plugins/com.st.stm32cube.ide.mcu.externaltools.gnu-tools-for-stm32.13.3.rel1.linux64_1.0.0.202410170706/tools/bin/../lib/gcc/arm-none-eabi/13.3.1/thumb/v7e-m+fp/hard/libgcc.a(_arm_muldf3.o)
                0x080001d8                __aeabi_dmul
                0x080001d8                __muldf3
 .text          0x0800042c      0x378 /opt/st/stm32cubeide_1.18.0/plugins/com.st.stm32cube.ide.mcu.externaltools.gnu-tools-for-stm32.13.3.rel1.linux64_1.0.0.202410170706/tools/bin/../lib/gcc/arm-none-eabi/13.3.1/thumb/v7e-m+fp/hard/libgcc.a(_arm_addsubdf3.o)
                0x0800042c                __aeabi_drsub
                0x08000434                __aeabi_dsub
                0x08000434                __subdf3
                0x08000438                __adddf3
                0x08000438                __aeabi_dadd
                0x080006b0                __aeabi_ui2d
                0x080006b0                __floatunsidf
                0x080006d0                __floatsidf
                0x080006d0                __aeabi_i2d
                0x080006f4                __extendsfdf2
                0x080006f4                __aeabi_f2d
                0x08000738                __aeabi_ul2d
                0x08000738                __floatundidf
                0x08000748                __floatdidf
                0x08000748                __aeabi_l2d
 .text          0x080007a4       0x40 /opt/st/stm32cubeide_1.18.0/plugins/com.st.stm32cube.ide.mcu.externaltools.gnu-tools-for-stm32.13.3.rel1.linux64_1.0.0.202410170706/tools/bin/../lib/gcc/arm-none-eabi/13.3.1/thumb/v7e-m+fp/hard/libgcc.a(_arm_fixunsdfsi.o)
                0x080007a4                __fixunsdfsi
                0x080007a4                __aeabi_d2uiz
 .text          0x080007e4       0x30 /opt/st/stm32cubeide_1.18.0/plugins/com.st.stm32cube.ide.mcu.externaltools.gnu-tools-for-stm32.13.3.rel1.linux64_1.0.0.202410170706/tools/bin/../lib/gcc/arm-none-eabi/13.3.1/thumb/v7e-m+fp/hard/libgcc.a(_aeabi_uldivmod.o)
                0x080007e4                __aeabi_uldivmod
 .text          0x08000814      0x2f8 /opt/st/stm32cubeide_1.18.0/plugins/com.st.stm32cube.ide.mcu.externaltools.gnu-tools-for-stm32.13.3.rel1.linux64_1.0.0.202410170706/tools/bin/../lib/gcc/arm-none-eabi/13.3.1/thumb/v7e-m+fp/hard/libgcc.a(_udivmoddi4.o)
                0x08000814                __udivmoddi4
 .text          0x08000b0c        0x4 /opt/st/stm32cubeide_1.18.0/plugins/com.st.stm32cube.ide.mcu.externaltools.gnu-tools-for-stm32.13.3.rel1.linux64_1.0.0.202410170706/tools/bin/../lib/gcc/arm-none-eabi/13.3.1/thumb/v7e-m+fp/hard/libgcc.a(_dvmd_tls.o)
                0x08000b0c                __aeabi_ldiv0
                0x08000b0c                __aeabi_idiv0
 *(.text*)
 .text.main     0x08000b10       0x2c ./Core/Src/main.o
                0x08000b10                main
 .text.SystemClock_Config
                0x08000b3c       0xd0 ./Core/Src/main.o
                0x08000b3c                SystemClock_Config
 .text.MX_ADC1_Init
                0x08000c0c       0xa4 ./Core/Src/main.o
 .text.MX_TIM1_Init
                0x08000cb0      0x16c ./Core/Src/main.o
 .text.MX_TIM2_Init
                0x08000e1c       0x98 ./Core/Src/main.o
 .text.MX_TIM3_Init
                0x08000eb4       0x9c ./Core/Src/main.o
 .text.MX_USART1_UART_Init
                0x08000f50       0x54 ./Core/Src/main.o
 .text.MX_GPIO_Init
                0x08000fa4       0x88 ./Core/Src/main.o
 .text.Error_Handler
                0x0800102c        0xc ./Core/Src/main.o
                0x0800102c                Error_Handler
 .text.HAL_MspInit
                0x08001038       0x50 ./Core/Src/stm32f4xx_hal_msp.o
                0x08001038                HAL_MspInit
 .text.HAL_ADC_MspInit
                0x08001088       0x88 ./Core/Src/stm32f4xx_hal_msp.o
                0x08001088                HAL_ADC_MspInit
 .text.HAL_TIM_Base_MspInit
                0x08001110       0xb4 ./Core/Src/stm32f4xx_hal_msp.o
                0x08001110                HAL_TIM_Base_MspInit
 .text.HAL_TIM_MspPostInit
                0x080011c4       0x74 ./Core/Src/stm32f4xx_hal_msp.o
                0x080011c4                HAL_TIM_MspPostInit
 .text.HAL_UART_MspInit
                0x08001238       0xe0 ./Core/Src/stm32f4xx_hal_msp.o
                0x08001238                HAL_UART_MspInit
 .text.NMI_Handler
                0x08001318        0x8 ./Core/Src/stm32f4xx_it.o
                0x08001318                NMI_Handler
 .text.HardFault_Handler
                0x08001320        0x8 ./Core/Src/stm32f4xx_it.o
                0x08001320                HardFault_Handler
 .text.MemManage_Handler
                0x08001328        0x8 ./Core/Src/stm32f4xx_it.o
                0x08001328                MemManage_Handler
 .text.BusFault_Handler
                0x08001330        0x8 ./Core/Src/stm32f4xx_it.o
                0x08001330                BusFault_Handler
 .text.UsageFault_Handler
                0x08001338        0x8 ./Core/Src/stm32f4xx_it.o
                0x08001338                UsageFault_Handler
 .text.SVC_Handler
                0x08001340        0xe ./Core/Src/stm32f4xx_it.o
                0x08001340                SVC_Handler
 .text.DebugMon_Handler
                0x0800134e        0xe ./Core/Src/stm32f4xx_it.o
                0x0800134e                DebugMon_Handler
 .text.PendSV_Handler
                0x0800135c        0xe ./Core/Src/stm32f4xx_it.o
                0x0800135c                PendSV_Handler
 .text.SysTick_Handler
                0x0800136a        0xc ./Core/Src/stm32f4xx_it.o
                0x0800136a                SysTick_Handler
 *fill*         0x08001376        0x2 
 .text.TIM2_IRQHandler
                0x08001378       0x14 ./Core/Src/stm32f4xx_it.o
                0x08001378                TIM2_IRQHandler
 .text.TIM3_IRQHandler
                0x0800138c       0x14 ./Core/Src/stm32f4xx_it.o
                0x0800138c                TIM3_IRQHandler
 .text.USART1_IRQHandler
                0x080013a0       0x14 ./Core/Src/stm32f4xx_it.o
                0x080013a0                USART1_IRQHandler
 .text.SystemInit
                0x080013b4       0x24 ./Core/Src/system_stm32f4xx.o
                0x080013b4                SystemInit
 .text.Reset_Handler
                0x080013d8       0x50 ./Core/Startup/startup_stm32f411ceux.o
                0x080013d8                Reset_Handler
 .text.Default_Handler
                0x08001428        0x2 ./Core/Startup/startup_stm32f411ceux.o
                0x08001428                RTC_Alarm_IRQHandler
                0x08001428                EXTI2_IRQHandler
                0x08001428                SPI4_IRQHandler
                0x08001428                TIM1_CC_IRQHandler
                0x08001428                DMA2_Stream5_IRQHandler
                0x08001428                DMA1_Stream5_IRQHandler
                0x08001428                PVD_IRQHandler
                0x08001428                SDIO_IRQHandler
                0x08001428                TAMP_STAMP_IRQHandler
                0x08001428                EXTI3_IRQHandler
                0x08001428                TIM1_UP_TIM10_IRQHandler
                0x08001428                I2C3_ER_IRQHandler
                0x08001428                EXTI0_IRQHandler
                0x08001428                I2C2_EV_IRQHandler
                0x08001428                DMA1_Stream2_IRQHandler
                0x08001428                FPU_IRQHandler
                0x08001428                DMA2_Stream2_IRQHandler
                0x08001428                SPI1_IRQHandler
                0x08001428                TIM1_BRK_TIM9_IRQHandler
                0x08001428                DMA2_Stream3_IRQHandler
                0x08001428                USART6_IRQHandler
                0x08001428                DMA2_Stream0_IRQHandler
                0x08001428                TIM4_IRQHandler
                0x08001428                I2C1_EV_IRQHandler
                0x08001428                DMA1_Stream6_IRQHandler
                0x08001428                DMA1_Stream1_IRQHandler
                0x08001428                RCC_IRQHandler
                0x08001428                Default_Handler
                0x08001428                EXTI15_10_IRQHandler
                0x08001428                ADC_IRQHandler
                0x08001428                DMA1_Stream7_IRQHandler
                0x08001428                SPI5_IRQHandler
                0x08001428                TIM5_IRQHandler
                0x08001428                DMA2_Stream7_IRQHandler
                0x08001428                I2C3_EV_IRQHandler
                0x08001428                EXTI9_5_IRQHandler
                0x08001428                RTC_WKUP_IRQHandler
                0x08001428                SPI2_IRQHandler
                0x08001428                DMA1_Stream0_IRQHandler
                0x08001428                EXTI4_IRQHandler
                0x08001428                WWDG_IRQHandler
                0x08001428                OTG_FS_WKUP_IRQHandler
                0x08001428                TIM1_TRG_COM_TIM11_IRQHandler
                0x08001428                EXTI1_IRQHandler
                0x08001428                USART2_IRQHandler
                0x08001428                I2C2_ER_IRQHandler
                0x08001428                DMA2_Stream1_IRQHandler
                0x08001428                FLASH_IRQHandler
                0x08001428                DMA2_Stream4_IRQHandler
                0x08001428                OTG_FS_IRQHandler
                0x08001428                SPI3_IRQHandler
                0x08001428                DMA1_Stream4_IRQHandler
                0x08001428                I2C1_ER_IRQHandler
                0x08001428                DMA2_Stream6_IRQHandler
                0x08001428                DMA1_Stream3_IRQHandler
 *fill*         0x0800142a        0x2 
 .text.HAL_Init
                0x0800142c       0x44 ./Drivers/STM32F4xx_HAL_Driver/Src/stm32f4xx_hal.o
                0x0800142c                HAL_Init
 .text.HAL_InitTick
                0x08001470       0x60 ./Drivers/STM32F4xx_HAL_Driver/Src/stm32f4xx_hal.o
                0x08001470                HAL_InitTick
 .text.HAL_IncTick
                0x080014d0       0x28 ./Drivers/STM32F4xx_HAL_Driver/Src/stm32f4xx_hal.o
                0x080014d0                HAL_IncTick
 .text.HAL_GetTick
                0x080014f8       0x18 ./Drivers/STM32F4xx_HAL_Driver/Src/stm32f4xx_hal.o
                0x080014f8                HAL_GetTick
 .text.HAL_ADC_Init
                0x08001510       0x86 ./Drivers/STM32F4xx_HAL_Driver/Src/stm32f4xx_hal_adc.o
                0x08001510                HAL_ADC_Init
 *fill*         0x08001596        0x2 
 .text.HAL_ADC_Start
                0x08001598      0x168 ./Drivers/STM32F4xx_HAL_Driver/Src/stm32f4xx_hal_adc.o
                0x08001598                HAL_ADC_Start
 .text.HAL_ADC_Stop
                0x08001700       0x66 ./Drivers/STM32F4xx_HAL_Driver/Src/stm32f4xx_hal_adc.o
                0x08001700                HAL_ADC_Stop
 .text.HAL_ADC_PollForConversion
                0x08001766      0x116 ./Drivers/STM32F4xx_HAL_Driver/Src/stm32f4xx_hal_adc.o
                0x08001766                HAL_ADC_PollForConversion
 .text.HAL_ADC_GetValue
                0x0800187c       0x1a ./Drivers/STM32F4xx_HAL_Driver/Src/stm32f4xx_hal_adc.o
                0x0800187c                HAL_ADC_GetValue
 *fill*         0x08001896        0x2 
 .text.HAL_ADC_ConfigChannel
                0x08001898      0x264 ./Drivers/STM32F4xx_HAL_Driver/Src/stm32f4xx_hal_adc.o
                0x08001898                HAL_ADC_ConfigChannel
 .text.ADC_Init
                0x08001afc      0x1f8 ./Drivers/STM32F4xx_HAL_Driver/Src/stm32f4xx_hal_adc.o
 .text.__NVIC_SetPriorityGrouping
                0x08001cf4       0x48 ./Drivers/STM32F4xx_HAL_Driver/Src/stm32f4xx_hal_cortex.o
 .text.__NVIC_GetPriorityGrouping
                0x08001d3c       0x1c ./Drivers/STM32F4xx_HAL_Driver/Src/stm32f4xx_hal_cortex.o
 .text.__NVIC_EnableIRQ
                0x08001d58       0x3c ./Drivers/STM32F4xx_HAL_Driver/Src/stm32f4xx_hal_cortex.o
 .text.__NVIC_SetPriority
                0x08001d94       0x54 ./Drivers/STM32F4xx_HAL_Driver/Src/stm32f4xx_hal_cortex.o
 .text.NVIC_EncodePriority
                0x08001de8       0x66 ./Drivers/STM32F4xx_HAL_Driver/Src/stm32f4xx_hal_cortex.o
 *fill*         0x08001e4e        0x2 
 .text.SysTick_Config
                0x08001e50       0x44 ./Drivers/STM32F4xx_HAL_Driver/Src/stm32f4xx_hal_cortex.o
 .text.HAL_NVIC_SetPriorityGrouping
                0x08001e94       0x16 ./Drivers/STM32F4xx_HAL_Driver/Src/stm32f4xx_hal_cortex.o
                0x08001e94                HAL_NVIC_SetPriorityGrouping
 .text.HAL_NVIC_SetPriority
                0x08001eaa       0x38 ./Drivers/STM32F4xx_HAL_Driver/Src/stm32f4xx_hal_cortex.o
                0x08001eaa                HAL_NVIC_SetPriority
 .text.HAL_NVIC_EnableIRQ
                0x08001ee2       0x1c ./Drivers/STM32F4xx_HAL_Driver/Src/stm32f4xx_hal_cortex.o
                0x08001ee2                HAL_NVIC_EnableIRQ
 .text.HAL_SYSTICK_Config
                0x08001efe       0x18 ./Drivers/STM32F4xx_HAL_Driver/Src/stm32f4xx_hal_cortex.o
                0x08001efe                HAL_SYSTICK_Config
 .text.HAL_DMA_Abort
                0x08001f16       0xe0 ./Drivers/STM32F4xx_HAL_Driver/Src/stm32f4xx_hal_dma.o
                0x08001f16                HAL_DMA_Abort
 .text.HAL_DMA_Abort_IT
                0x08001ff6       0x44 ./Drivers/STM32F4xx_HAL_Driver/Src/stm32f4xx_hal_dma.o
                0x08001ff6                HAL_DMA_Abort_IT
 *fill*         0x0800203a        0x2 
 .text.HAL_GPIO_Init
                0x0800203c      0x308 ./Drivers/STM32F4xx_HAL_Driver/Src/stm32f4xx_hal_gpio.o
                0x0800203c                HAL_GPIO_Init
 .text.HAL_GPIO_WritePin
                0x08002344       0x32 ./Drivers/STM32F4xx_HAL_Driver/Src/stm32f4xx_hal_gpio.o
                0x08002344                HAL_GPIO_WritePin
 *fill*         0x08002376        0x2 
 .text.HAL_RCC_OscConfig
                0x08002378      0x4f0 ./Drivers/STM32F4xx_HAL_Driver/Src/stm32f4xx_hal_rcc.o
                0x08002378                HAL_RCC_OscConfig
 .text.HAL_RCC_ClockConfig
                0x08002868      0x1cc ./Drivers/STM32F4xx_HAL_Driver/Src/stm32f4xx_hal_rcc.o
                0x08002868                HAL_RCC_ClockConfig
 .text.HAL_RCC_GetSysClockFreq
                0x08002a34      0x18c ./Drivers/STM32F4xx_HAL_Driver/Src/stm32f4xx_hal_rcc.o
                0x08002a34                HAL_RCC_GetSysClockFreq
 .text.HAL_RCC_GetHCLKFreq
                0x08002bc0       0x18 ./Drivers/STM32F4xx_HAL_Driver/Src/stm32f4xx_hal_rcc.o
                0x08002bc0                HAL_RCC_GetHCLKFreq
 .text.HAL_RCC_GetPCLK1Freq
                0x08002bd8       0x28 ./Drivers/STM32F4xx_HAL_Driver/Src/stm32f4xx_hal_rcc.o
                0x08002bd8                HAL_RCC_GetPCLK1Freq
 .text.HAL_RCC_GetPCLK2Freq
                0x08002c00       0x28 ./Drivers/STM32F4xx_HAL_Driver/Src/stm32f4xx_hal_rcc.o
                0x08002c00                HAL_RCC_GetPCLK2Freq
 .text.HAL_TIM_Base_Init
                0x08002c28       0x9e ./Drivers/STM32F4xx_HAL_Driver/Src/stm32f4xx_hal_tim.o
                0x08002c28                HAL_TIM_Base_Init
 *fill*         0x08002cc6        0x2 
 .text.HAL_TIM_Base_Start_IT
                0x08002cc8       0xc4 ./Drivers/STM32F4xx_HAL_Driver/Src/stm32f4xx_hal_tim.o
                0x08002cc8                HAL_TIM_Base_Start_IT
 .text.HAL_TIM_OC_Init
                0x08002d8c       0x9e ./Drivers/STM32F4xx_HAL_Driver/Src/stm32f4xx_hal_tim.o
                0x08002d8c                HAL_TIM_OC_Init
 .text.HAL_TIM_OC_MspInit
                0x08002e2a       0x14 ./Drivers/STM32F4xx_HAL_Driver/Src/stm32f4xx_hal_tim.o
                0x08002e2a                HAL_TIM_OC_MspInit
 .text.HAL_TIM_PWM_Init
                0x08002e3e       0x9e ./Drivers/STM32F4xx_HAL_Driver/Src/stm32f4xx_hal_tim.o
                0x08002e3e                HAL_TIM_PWM_Init
 .text.HAL_TIM_PWM_MspInit
                0x08002edc       0x14 ./Drivers/STM32F4xx_HAL_Driver/Src/stm32f4xx_hal_tim.o
                0x08002edc                HAL_TIM_PWM_MspInit
 .text.HAL_TIM_PWM_Start
                0x08002ef0      0x160 ./Drivers/STM32F4xx_HAL_Driver/Src/stm32f4xx_hal_tim.o
                0x08002ef0                HAL_TIM_PWM_Start
 .text.HAL_TIM_PWM_Stop
                0x08003050       0xc8 ./Drivers/STM32F4xx_HAL_Driver/Src/stm32f4xx_hal_tim.o
                0x08003050                HAL_TIM_PWM_Stop
 .text.HAL_TIM_IRQHandler
                0x08003118      0x1e0 ./Drivers/STM32F4xx_HAL_Driver/Src/stm32f4xx_hal_tim.o
                0x08003118                HAL_TIM_IRQHandler
 .text.HAL_TIM_OC_ConfigChannel
                0x080032f8       0xb8 ./Drivers/STM32F4xx_HAL_Driver/Src/stm32f4xx_hal_tim.o
                0x080032f8                HAL_TIM_OC_ConfigChannel
 .text.HAL_TIM_PWM_ConfigChannel
                0x080033b0      0x184 ./Drivers/STM32F4xx_HAL_Driver/Src/stm32f4xx_hal_tim.o
                0x080033b0                HAL_TIM_PWM_ConfigChannel
 .text.HAL_TIM_ConfigClockSource
                0x08003534      0x18e ./Drivers/STM32F4xx_HAL_Driver/Src/stm32f4xx_hal_tim.o
                0x08003534                HAL_TIM_ConfigClockSource
 .text.HAL_TIM_OC_DelayElapsedCallback
                0x080036c2       0x14 ./Drivers/STM32F4xx_HAL_Driver/Src/stm32f4xx_hal_tim.o
                0x080036c2                HAL_TIM_OC_DelayElapsedCallback
 .text.HAL_TIM_IC_CaptureCallback
                0x080036d6       0x14 ./Drivers/STM32F4xx_HAL_Driver/Src/stm32f4xx_hal_tim.o
                0x080036d6                HAL_TIM_IC_CaptureCallback
 .text.HAL_TIM_PWM_PulseFinishedCallback
                0x080036ea       0x14 ./Drivers/STM32F4xx_HAL_Driver/Src/stm32f4xx_hal_tim.o
                0x080036ea                HAL_TIM_PWM_PulseFinishedCallback
 .text.HAL_TIM_TriggerCallback
                0x080036fe       0x14 ./Drivers/STM32F4xx_HAL_Driver/Src/stm32f4xx_hal_tim.o
                0x080036fe                HAL_TIM_TriggerCallback
 *fill*         0x08003712        0x2 
 .text.TIM_Base_SetConfig
                0x08003714      0x118 ./Drivers/STM32F4xx_HAL_Driver/Src/stm32f4xx_hal_tim.o
                0x08003714                TIM_Base_SetConfig
 .text.TIM_OC1_SetConfig
                0x0800382c       0xcc ./Drivers/STM32F4xx_HAL_Driver/Src/stm32f4xx_hal_tim.o
 .text.TIM_OC2_SetConfig
                0x080038f8       0xd8 ./Drivers/STM32F4xx_HAL_Driver/Src/stm32f4xx_hal_tim.o
                0x080038f8                TIM_OC2_SetConfig
 .text.TIM_OC3_SetConfig
                0x080039d0       0xd4 ./Drivers/STM32F4xx_HAL_Driver/Src/stm32f4xx_hal_tim.o
 .text.TIM_OC4_SetConfig
                0x08003aa4       0xa0 ./Drivers/STM32F4xx_HAL_Driver/Src/stm32f4xx_hal_tim.o
 .text.TIM_TI1_ConfigInputStage
                0x08003b44       0x5e ./Drivers/STM32F4xx_HAL_Driver/Src/stm32f4xx_hal_tim.o
 .text.TIM_TI2_ConfigInputStage
                0x08003ba2       0x60 ./Drivers/STM32F4xx_HAL_Driver/Src/stm32f4xx_hal_tim.o
 .text.TIM_ITRx_SetConfig
                0x08003c02       0x36 ./Drivers/STM32F4xx_HAL_Driver/Src/stm32f4xx_hal_tim.o
 .text.TIM_ETR_SetConfig
                0x08003c38       0x40 ./Drivers/STM32F4xx_HAL_Driver/Src/stm32f4xx_hal_tim.o
                0x08003c38                TIM_ETR_SetConfig
 .text.TIM_CCxChannelCmd
                0x08003c78       0x4a ./Drivers/STM32F4xx_HAL_Driver/Src/stm32f4xx_hal_tim.o
                0x08003c78                TIM_CCxChannelCmd
 *fill*         0x08003cc2        0x2 
 .text.HAL_TIMEx_MasterConfigSynchronization
                0x08003cc4       0xdc ./Drivers/STM32F4xx_HAL_Driver/Src/stm32f4xx_hal_tim_ex.o
                0x08003cc4                HAL_TIMEx_MasterConfigSynchronization
 .text.HAL_TIMEx_ConfigBreakDeadTime
                0x08003da0       0xa4 ./Drivers/STM32F4xx_HAL_Driver/Src/stm32f4xx_hal_tim_ex.o
                0x08003da0                HAL_TIMEx_ConfigBreakDeadTime
 .text.HAL_TIMEx_CommutCallback
                0x08003e44       0x14 ./Drivers/STM32F4xx_HAL_Driver/Src/stm32f4xx_hal_tim_ex.o
                0x08003e44                HAL_TIMEx_CommutCallback
 .text.HAL_TIMEx_BreakCallback
                0x08003e58       0x14 ./Drivers/STM32F4xx_HAL_Driver/Src/stm32f4xx_hal_tim_ex.o
                0x08003e58                HAL_TIMEx_BreakCallback
 .text.HAL_UART_Init
                0x08003e6c       0xa0 ./Drivers/STM32F4xx_HAL_Driver/Src/stm32f4xx_hal_uart.o
                0x08003e6c                HAL_UART_Init
 .text.HAL_UART_Transmit_IT
                0x08003f0c       0x6c ./Drivers/STM32F4xx_HAL_Driver/Src/stm32f4xx_hal_uart.o
                0x08003f0c                HAL_UART_Transmit_IT
 .text.HAL_UART_Receive_IT
                0x08003f78       0x4a ./Drivers/STM32F4xx_HAL_Driver/Src/stm32f4xx_hal_uart.o
                0x08003f78                HAL_UART_Receive_IT
 *fill*         0x08003fc2        0x2 
 .text.HAL_UART_IRQHandler
                0x08003fc4      0x524 ./Drivers/STM32F4xx_HAL_Driver/Src/stm32f4xx_hal_uart.o
                0x08003fc4                HAL_UART_IRQHandler
 .text.HAL_UART_ErrorCallback
                0x080044e8       0x14 ./Drivers/STM32F4xx_HAL_Driver/Src/stm32f4xx_hal_uart.o
                0x080044e8                HAL_UART_ErrorCallback
 .text.HAL_UARTEx_RxEventCallback
                0x080044fc       0x18 ./Drivers/STM32F4xx_HAL_Driver/Src/stm32f4xx_hal_uart.o
                0x080044fc                HAL_UARTEx_RxEventCallback
 .text.UART_Start_Receive_IT
                0x08004514       0x74 ./Drivers/STM32F4xx_HAL_Driver/Src/stm32f4xx_hal_uart.o
                0x08004514                UART_Start_Receive_IT
 .text.UART_EndRxTransfer
                0x08004588       0xc6 ./Drivers/STM32F4xx_HAL_Driver/Src/stm32f4xx_hal_uart.o
 .text.UART_DMAAbortOnError
                0x0800464e       0x28 ./Drivers/STM32F4xx_HAL_Driver/Src/stm32f4xx_hal_uart.o
 .text.UART_Transmit_IT
                0x08004676       0xa0 ./Drivers/STM32F4xx_HAL_Driver/Src/stm32f4xx_hal_uart.o
 .text.UART_EndTransmit_IT
                0x08004716       0x30 ./Drivers/STM32F4xx_HAL_Driver/Src/stm32f4xx_hal_uart.o
 .text.UART_Receive_IT
                0x08004746      0x17c ./Drivers/STM32F4xx_HAL_Driver/Src/stm32f4xx_hal_uart.o
 *fill*         0x080048c2        0x2 
 .text.UART_SetConfig
                0x080048c4      0x4e8 ./Drivers/STM32F4xx_HAL_Driver/Src/stm32f4xx_hal_uart.o
 .text.send_state_via_uart
                0x08004dac       0x78 ./app/app_sm.o
                0x08004dac                send_state_via_uart
 .text.app_peripheral_init
                0x08004e24       0x40 ./app/app_sm.o
                0x08004e24                app_peripheral_init
 .text.unpack_frame
                0x08004e64       0x80 ./app/app_sm.o
                0x08004e64                unpack_frame
 .text.app_sm_init
                0x08004ee4       0x20 ./app/app_sm.o
                0x08004ee4                app_sm_init
 .text.app_sm_run
                0x08004f04       0x2c ./app/app_sm.o
                0x08004f04                app_sm_run
 .text.app_run  0x08004f30       0x14 ./app/app_sm.o
                0x08004f30                app_run
 .text.sm_reset_state
                0x08004f44       0x28 ./app/app_sm.o
                0x08004f44                sm_reset_state
 .text.sm_idle_state
                0x08004f6c       0x74 ./app/app_sm.o
                0x08004f6c                sm_idle_state
 .text.sm_heat_state
                0x08004fe0       0x80 ./app/app_sm.o
                0x08004fe0                sm_heat_state
 .text.sm_cool_state
                0x08005060       0x80 ./app/app_sm.o
                0x08005060                sm_cool_state
 .text.sm_control_state
                0x080050e0       0xd0 ./app/app_sm.o
                0x080050e0                sm_control_state
 .text.HAL_UART_RxCpltCallback
                0x080051b0       0x34 ./app/app_sm.o
                0x080051b0                HAL_UART_RxCpltCallback
 .text.HAL_UART_TxCpltCallback
                0x080051e4       0x2c ./app/app_sm.o
                0x080051e4                HAL_UART_TxCpltCallback
 .text.HAL_TIM_PeriodElapsedCallback
                0x08005210       0x64 ./app/app_sm.o
                0x08005210                HAL_TIM_PeriodElapsedCallback
 .text.checksum
                0x08005274       0x46 ./app/checksum.o
                0x08005274                checksum
 *fill*         0x080052ba        0x2 
 .text.control_get_read_adc
                0x080052bc       0x30 ./app/control.o
                0x080052bc                control_get_read_adc
 *fill*         0x080052ec        0x4 
 .text.control_get_filtered_temp
                0x080052f0       0x74 ./app/control.o
                0x080052f0                control_get_filtered_temp
 .text.control_get_pid
                0x08005364      0x12c ./app/control.o
                0x08005364                control_get_pid
 .text.hal_uart1_init
                0x08005490       0x14 ./app/hal_uart.o
                0x08005490                hal_uart1_init
 .text.hal_uart1_transmit_it
                0x080054a4       0x28 ./app/hal_uart.o
                0x080054a4                hal_uart1_transmit_it
 .text.hw_load_turn_on_heat
                0x080054cc       0x18 ./app/hw.o
                0x080054cc                hw_load_turn_on_heat
 .text.hw_load_turn_off_heat
                0x080054e4       0x18 ./app/hw.o
                0x080054e4                hw_load_turn_off_heat
 .text.hw_fan_turn_on
                0x080054fc       0x1c ./app/hw.o
                0x080054fc                hw_fan_turn_on
 .text.hw_fan_turn_off
                0x08005518       0x1c ./app/hw.o
                0x08005518                hw_fan_turn_off
 .text.hw_fan_speed_control
                0x08005534       0x28 ./app/hw.o
                0x08005534                hw_fan_speed_control
 .text.hw_pwm_set_dc
                0x0800555c       0x34 ./app/hw.o
                0x0800555c                hw_pwm_set_dc
 .text.compose_data
                0x08005590       0x4a ./app/payload_composer.o
                0x08005590                compose_data
 .text.memset   0x080055da       0x10 /opt/st/stm32cubeide_1.18.0/plugins/com.st.stm32cube.ide.mcu.externaltools.gnu-tools-for-stm32.13.3.rel1.linux64_1.0.0.202410170706/tools/bin/../lib/gcc/arm-none-eabi/13.3.1/../../../../arm-none-eabi/lib/thumb/v7e-m+fp/hard/libc_nano.a(libc_a-memset.o)
                0x080055da                memset
 *fill*         0x080055ea        0x2 
 .text.__libc_init_array
                0x080055ec       0x48 /opt/st/stm32cubeide_1.18.0/plugins/com.st.stm32cube.ide.mcu.externaltools.gnu-tools-for-stm32.13.3.rel1.linux64_1.0.0.202410170706/tools/bin/../lib/gcc/arm-none-eabi/13.3.1/../../../../arm-none-eabi/lib/thumb/v7e-m+fp/hard/libc_nano.a(libc_a-init.o)
                0x080055ec                __libc_init_array
 .text.memcpy   0x08005634       0x1c /opt/st/stm32cubeide_1.18.0/plugins/com.st.stm32cube.ide.mcu.externaltools.gnu-tools-for-stm32.13.3.rel1.linux64_1.0.0.202410170706/tools/bin/../lib/gcc/arm-none-eabi/13.3.1/../../../../arm-none-eabi/lib/thumb/v7e-m+fp/hard/libc_nano.a(libc_a-memcpy-stub.o)
                0x08005634                memcpy
 *(.glue_7)
 .glue_7        0x08005650        0x0 linker stubs
 *(.glue_7t)
 .glue_7t       0x08005650        0x0 linker stubs
 *(.eh_frame)
 .eh_frame      0x08005650        0x0 /opt/st/stm32cubeide_1.18.0/plugins/com.st.stm32cube.ide.mcu.externaltools.gnu-tools-for-stm32.13.3.rel1.linux64_1.0.0.202410170706/tools/bin/../lib/gcc/arm-none-eabi/13.3.1/thumb/v7e-m+fp/hard/crtbegin.o
 *(.init)
 .init          0x08005650        0x4 /opt/st/stm32cubeide_1.18.0/plugins/com.st.stm32cube.ide.mcu.externaltools.gnu-tools-for-stm32.13.3.rel1.linux64_1.0.0.202410170706/tools/bin/../lib/gcc/arm-none-eabi/13.3.1/thumb/v7e-m+fp/hard/crti.o
                0x08005650                _init
 .init          0x08005654        0x8 /opt/st/stm32cubeide_1.18.0/plugins/com.st.stm32cube.ide.mcu.externaltools.gnu-tools-for-stm32.13.3.rel1.linux64_1.0.0.202410170706/tools/bin/../lib/gcc/arm-none-eabi/13.3.1/thumb/v7e-m+fp/hard/crtn.o
 *(.fini)
 .fini          0x0800565c        0x4 /opt/st/stm32cubeide_1.18.0/plugins/com.st.stm32cube.ide.mcu.externaltools.gnu-tools-for-stm32.13.3.rel1.linux64_1.0.0.202410170706/tools/bin/../lib/gcc/arm-none-eabi/13.3.1/thumb/v7e-m+fp/hard/crti.o
                0x0800565c                _fini
 .fini          0x08005660        0x8 /opt/st/stm32cubeide_1.18.0/plugins/com.st.stm32cube.ide.mcu.externaltools.gnu-tools-for-stm32.13.3.rel1.linux64_1.0.0.202410170706/tools/bin/../lib/gcc/arm-none-eabi/13.3.1/thumb/v7e-m+fp/hard/crtn.o
                0x08005668                        . = ALIGN (0x4)
                0x08005668                        _etext = .

.vfp11_veneer   0x08005668        0x0
 .vfp11_veneer  0x08005668        0x0 linker stubs

.v4_bx          0x08005668        0x0
 .v4_bx         0x08005668        0x0 linker stubs

.iplt           0x08005668        0x0
 .iplt          0x08005668        0x0 /opt/st/stm32cubeide_1.18.0/plugins/com.st.stm32cube.ide.mcu.externaltools.gnu-tools-for-stm32.13.3.rel1.linux64_1.0.0.202410170706/tools/bin/../lib/gcc/arm-none-eabi/13.3.1/thumb/v7e-m+fp/hard/crtbegin.o

.rodata         0x08005668       0x18
                0x08005668                        . = ALIGN (0x4)
 *(.rodata)
 *(.rodata*)
 .rodata.AHBPrescTable
                0x08005668       0x10 ./Core/Src/system_stm32f4xx.o
                0x08005668                AHBPrescTable
 .rodata.APBPrescTable
                0x08005678        0x8 ./Core/Src/system_stm32f4xx.o
                0x08005678                APBPrescTable
                0x08005680                        . = ALIGN (0x4)

.ARM.extab      0x08005680        0x0
                0x08005680                        . = ALIGN (0x4)
 *(.ARM.extab* .gnu.linkonce.armextab.*)
                0x08005680                        . = ALIGN (0x4)

.ARM            0x08005680        0x8
                0x08005680                        . = ALIGN (0x4)
                0x08005680                        __exidx_start = .
 *(.ARM.exidx*)
 .ARM.exidx     0x08005680        0x8 /opt/st/stm32cubeide_1.18.0/plugins/com.st.stm32cube.ide.mcu.externaltools.gnu-tools-for-stm32.13.3.rel1.linux64_1.0.0.202410170706/tools/bin/../lib/gcc/arm-none-eabi/13.3.1/thumb/v7e-m+fp/hard/libgcc.a(_udivmoddi4.o)
                0x08005688                        __exidx_end = .
                0x08005688                        . = ALIGN (0x4)

.preinit_array  0x08005688        0x0
                0x08005688                        . = ALIGN (0x4)
                0x08005688                        PROVIDE (__preinit_array_start = .)
 *(.preinit_array*)
                0x08005688                        PROVIDE (__preinit_array_end = .)
                0x08005688                        . = ALIGN (0x4)

.init_array     0x08005688        0x4
                0x08005688                        . = ALIGN (0x4)
                0x08005688                        PROVIDE (__init_array_start = .)
 *(SORT_BY_NAME(.init_array.*))
 *(.init_array*)
 .init_array    0x08005688        0x4 /opt/st/stm32cubeide_1.18.0/plugins/com.st.stm32cube.ide.mcu.externaltools.gnu-tools-for-stm32.13.3.rel1.linux64_1.0.0.202410170706/tools/bin/../lib/gcc/arm-none-eabi/13.3.1/thumb/v7e-m+fp/hard/crtbegin.o
                0x0800568c                        PROVIDE (__init_array_end = .)
                0x0800568c                        . = ALIGN (0x4)

.fini_array     0x0800568c        0x4
                0x0800568c                        . = ALIGN (0x4)
                [!provide]                        PROVIDE (__fini_array_start = .)
 *(SORT_BY_NAME(.fini_array.*))
 *(.fini_array*)
 .fini_array    0x0800568c        0x4 /opt/st/stm32cubeide_1.18.0/plugins/com.st.stm32cube.ide.mcu.externaltools.gnu-tools-for-stm32.13.3.rel1.linux64_1.0.0.202410170706/tools/bin/../lib/gcc/arm-none-eabi/13.3.1/thumb/v7e-m+fp/hard/crtbegin.o
                [!provide]                        PROVIDE (__fini_array_end = .)
                0x08005690                        . = ALIGN (0x4)
                0x08005690                        _sidata = LOADADDR (.data)

.rel.dyn        0x08005690        0x0
 .rel.iplt      0x08005690        0x0 /opt/st/stm32cubeide_1.18.0/plugins/com.st.stm32cube.ide.mcu.externaltools.gnu-tools-for-stm32.13.3.rel1.linux64_1.0.0.202410170706/tools/bin/../lib/gcc/arm-none-eabi/13.3.1/thumb/v7e-m+fp/hard/crtbegin.o

.data           0x20000000       0x40 load address 0x08005690
                0x20000000                        . = ALIGN (0x4)
                0x20000000                        _sdata = .
 *(.data)
 *(.data*)
 .data.SystemCoreClock
                0x20000000        0x4 ./Core/Src/system_stm32f4xx.o
                0x20000000                SystemCoreClock
 .data.uwTickPrio
                0x20000004        0x4 ./Drivers/STM32F4xx_HAL_Driver/Src/stm32f4xx_hal.o
                0x20000004                uwTickPrio
 .data.uwTickFreq
                0x20000008        0x1 ./Drivers/STM32F4xx_HAL_Driver/Src/stm32f4xx_hal.o
                0x20000008                uwTickFreq
 *fill*         0x20000009        0x3 
 .data.st       0x2000000c       0x1c ./app/app_sm.o
                0x2000000c                st
 .data.sm_state_table
                0x20000028       0x14 ./app/app_sm.o
                0x20000028                sm_state_table
 .data.transmit_flag
                0x2000003c        0x1 ./app/app_sm.o
                0x2000003c                transmit_flag
 *(.RamFunc)
 *(.RamFunc*)
                0x20000040                        . = ALIGN (0x4)
 *fill*         0x2000003d        0x3 
                0x20000040                        _edata = .

.igot.plt       0x20000040        0x0 load address 0x080056d0
 .igot.plt      0x20000040        0x0 /opt/st/stm32cubeide_1.18.0/plugins/com.st.stm32cube.ide.mcu.externaltools.gnu-tools-for-stm32.13.3.rel1.linux64_1.0.0.202410170706/tools/bin/../lib/gcc/arm-none-eabi/13.3.1/thumb/v7e-m+fp/hard/crtbegin.o
                0x20000040                        . = ALIGN (0x4)

.bss            0x20000040      0x1c0 load address 0x080056d0
                0x20000040                        _sbss = .
                0x20000040                        __bss_start__ = _sbss
 *(.bss)
 .bss           0x20000040       0x1c /opt/st/stm32cubeide_1.18.0/plugins/com.st.stm32cube.ide.mcu.externaltools.gnu-tools-for-stm32.13.3.rel1.linux64_1.0.0.202410170706/tools/bin/../lib/gcc/arm-none-eabi/13.3.1/thumb/v7e-m+fp/hard/crtbegin.o
 *(.bss*)
 .bss.hadc1     0x2000005c       0x48 ./Core/Src/main.o
                0x2000005c                hadc1
 .bss.htim1     0x200000a4       0x48 ./Core/Src/main.o
                0x200000a4                htim1
 .bss.htim2     0x200000ec       0x48 ./Core/Src/main.o
                0x200000ec                htim2
 .bss.htim3     0x20000134       0x48 ./Core/Src/main.o
                0x20000134                htim3
 .bss.huart1    0x2000017c       0x48 ./Core/Src/main.o
                0x2000017c                huart1
 .bss.uwTick    0x200001c4        0x4 ./Drivers/STM32F4xx_HAL_Driver/Src/stm32f4xx_hal.o
                0x200001c4                uwTick
 .bss.tx_buffer
                0x200001c8        0x9 ./app/app_sm.o
                0x200001c8                tx_buffer
 *fill*         0x200001d1        0x3 
 .bss.payload   0x200001d4        0x5 ./app/app_sm.o
                0x200001d4                payload
 *fill*         0x200001d9        0x3 
 .bss.msg_raw   0x200001dc        0x2 ./app/app_sm.o
                0x200001dc                msg_raw
 .bss.temperature
                0x200001de        0x1 ./app/app_sm.o
                0x200001de                temperature
 *fill*         0x200001df        0x1 
 .bss.duty_cycle_cmd
                0x200001e0        0x2 ./app/app_sm.o
                0x200001e0                duty_cycle_cmd
 .bss.fan_state
                0x200001e2        0x1 ./app/app_sm.o
                0x200001e2                fan_state
 .bss.heat_state
                0x200001e3        0x1 ./app/app_sm.o
                0x200001e3                heat_state
 .bss.peripheral_state
                0x200001e4        0x1 ./app/app_sm.o
                0x200001e4                peripheral_state
 *fill*         0x200001e5        0x3 
 .bss.error     0x200001e8        0x4 ./app/control.o
                0x200001e8                error
 .bss.error_1   0x200001ec        0x4 ./app/control.o
                0x200001ec                error_1
 .bss.error_2   0x200001f0        0x4 ./app/control.o
                0x200001f0                error_2
 .bss.control   0x200001f4        0x4 ./app/control.o
                0x200001f4                control
 .bss.control_1
                0x200001f8        0x4 ./app/control.o
                0x200001f8                control_1
 .bss.control_2
                0x200001fc        0x4 ./app/control.o
                0x200001fc                control_2
 *(COMMON)
                0x20000200                        . = ALIGN (0x4)
                0x20000200                        _ebss = .
                0x20000200                        __bss_end__ = _ebss

._user_heap_stack
                0x20000200      0x600 load address 0x080056d0
                0x20000200                        . = ALIGN (0x8)
                [!provide]                        PROVIDE (end = .)
                0x20000200                        PROVIDE (_end = .)
                0x20000400                        . = (. + _Min_Heap_Size)
 *fill*         0x20000200      0x200 
                0x20000800                        . = (. + _Min_Stack_Size)
 *fill*         0x20000400      0x400 
                0x20000800                        . = ALIGN (0x8)

/DISCARD/
 libc.a(*)
 libm.a(*)
 libgcc.a(*)

.ARM.attributes
                0x00000000       0x30
 *(.ARM.attributes)
 .ARM.attributes
                0x00000000       0x22 /opt/st/stm32cubeide_1.18.0/plugins/com.st.stm32cube.ide.mcu.externaltools.gnu-tools-for-stm32.13.3.rel1.linux64_1.0.0.202410170706/tools/bin/../lib/gcc/arm-none-eabi/13.3.1/thumb/v7e-m+fp/hard/crti.o
 .ARM.attributes
                0x00000022       0x34 /opt/st/stm32cubeide_1.18.0/plugins/com.st.stm32cube.ide.mcu.externaltools.gnu-tools-for-stm32.13.3.rel1.linux64_1.0.0.202410170706/tools/bin/../lib/gcc/arm-none-eabi/13.3.1/thumb/v7e-m+fp/hard/crtbegin.o
 .ARM.attributes
                0x00000056       0x34 ./Core/Src/main.o
 .ARM.attributes
                0x0000008a       0x34 ./Core/Src/stm32f4xx_hal_msp.o
 .ARM.attributes
                0x000000be       0x34 ./Core/Src/stm32f4xx_it.o
 .ARM.attributes
                0x000000f2       0x34 ./Core/Src/system_stm32f4xx.o
 .ARM.attributes
                0x00000126       0x21 ./Core/Startup/startup_stm32f411ceux.o
 .ARM.attributes
                0x00000147       0x34 ./Drivers/STM32F4xx_HAL_Driver/Src/stm32f4xx_hal.o
 .ARM.attributes
                0x0000017b       0x34 ./Drivers/STM32F4xx_HAL_Driver/Src/stm32f4xx_hal_adc.o
 .ARM.attributes
                0x000001af       0x34 ./Drivers/STM32F4xx_HAL_Driver/Src/stm32f4xx_hal_cortex.o
 .ARM.attributes
                0x000001e3       0x34 ./Drivers/STM32F4xx_HAL_Driver/Src/stm32f4xx_hal_dma.o
 .ARM.attributes
                0x00000217       0x34 ./Drivers/STM32F4xx_HAL_Driver/Src/stm32f4xx_hal_gpio.o
 .ARM.attributes
                0x0000024b       0x34 ./Drivers/STM32F4xx_HAL_Driver/Src/stm32f4xx_hal_rcc.o
 .ARM.attributes
                0x0000027f       0x34 ./Drivers/STM32F4xx_HAL_Driver/Src/stm32f4xx_hal_tim.o
 .ARM.attributes
                0x000002b3       0x34 ./Drivers/STM32F4xx_HAL_Driver/Src/stm32f4xx_hal_tim_ex.o
 .ARM.attributes
                0x000002e7       0x34 ./Drivers/STM32F4xx_HAL_Driver/Src/stm32f4xx_hal_uart.o
 .ARM.attributes
                0x0000031b       0x34 ./app/app_sm.o
 .ARM.attributes
                0x0000034f       0x34 ./app/checksum.o
 .ARM.attributes
                0x00000383       0x34 ./app/control.o
 .ARM.attributes
                0x000003b7       0x34 ./app/hal_uart.o
 .ARM.attributes
                0x000003eb       0x34 ./app/hw.o
 .ARM.attributes
                0x0000041f       0x34 ./app/payload_composer.o
 .ARM.attributes
                0x00000453       0x34 /opt/st/stm32cubeide_1.18.0/plugins/com.st.stm32cube.ide.mcu.externaltools.gnu-tools-for-stm32.13.3.rel1.linux64_1.0.0.202410170706/tools/bin/../lib/gcc/arm-none-eabi/13.3.1/../../../../arm-none-eabi/lib/thumb/v7e-m+fp/hard/libc_nano.a(libc_a-memset.o)
 .ARM.attributes
                0x00000487       0x34 /opt/st/stm32cubeide_1.18.0/plugins/com.st.stm32cube.ide.mcu.externaltools.gnu-tools-for-stm32.13.3.rel1.linux64_1.0.0.202410170706/tools/bin/../lib/gcc/arm-none-eabi/13.3.1/../../../../arm-none-eabi/lib/thumb/v7e-m+fp/hard/libc_nano.a(libc_a-init.o)
 .ARM.attributes
                0x000004bb       0x34 /opt/st/stm32cubeide_1.18.0/plugins/com.st.stm32cube.ide.mcu.externaltools.gnu-tools-for-stm32.13.3.rel1.linux64_1.0.0.202410170706/tools/bin/../lib/gcc/arm-none-eabi/13.3.1/../../../../arm-none-eabi/lib/thumb/v7e-m+fp/hard/libc_nano.a(libc_a-memcpy-stub.o)
 .ARM.attributes
                0x000004ef       0x22 /opt/st/stm32cubeide_1.18.0/plugins/com.st.stm32cube.ide.mcu.externaltools.gnu-tools-for-stm32.13.3.rel1.linux64_1.0.0.202410170706/tools/bin/../lib/gcc/arm-none-eabi/13.3.1/thumb/v7e-m+fp/hard/libgcc.a(_arm_muldf3.o)
 .ARM.attributes
                0x00000511       0x22 /opt/st/stm32cubeide_1.18.0/plugins/com.st.stm32cube.ide.mcu.externaltools.gnu-tools-for-stm32.13.3.rel1.linux64_1.0.0.202410170706/tools/bin/../lib/gcc/arm-none-eabi/13.3.1/thumb/v7e-m+fp/hard/libgcc.a(_arm_addsubdf3.o)
 .ARM.attributes
                0x00000533       0x22 /opt/st/stm32cubeide_1.18.0/plugins/com.st.stm32cube.ide.mcu.externaltools.gnu-tools-for-stm32.13.3.rel1.linux64_1.0.0.202410170706/tools/bin/../lib/gcc/arm-none-eabi/13.3.1/thumb/v7e-m+fp/hard/libgcc.a(_arm_fixunsdfsi.o)
 .ARM.attributes
                0x00000555       0x22 /opt/st/stm32cubeide_1.18.0/plugins/com.st.stm32cube.ide.mcu.externaltools.gnu-tools-for-stm32.13.3.rel1.linux64_1.0.0.202410170706/tools/bin/../lib/gcc/arm-none-eabi/13.3.1/thumb/v7e-m+fp/hard/libgcc.a(_aeabi_uldivmod.o)
 .ARM.attributes
                0x00000577       0x34 /opt/st/stm32cubeide_1.18.0/plugins/com.st.stm32cube.ide.mcu.externaltools.gnu-tools-for-stm32.13.3.rel1.linux64_1.0.0.202410170706/tools/bin/../lib/gcc/arm-none-eabi/13.3.1/thumb/v7e-m+fp/hard/libgcc.a(_udivmoddi4.o)
 .ARM.attributes
                0x000005ab       0x22 /opt/st/stm32cubeide_1.18.0/plugins/com.st.stm32cube.ide.mcu.externaltools.gnu-tools-for-stm32.13.3.rel1.linux64_1.0.0.202410170706/tools/bin/../lib/gcc/arm-none-eabi/13.3.1/thumb/v7e-m+fp/hard/libgcc.a(_dvmd_tls.o)
 .ARM.attributes
                0x000005cd       0x22 /opt/st/stm32cubeide_1.18.0/plugins/com.st.stm32cube.ide.mcu.externaltools.gnu-tools-for-stm32.13.3.rel1.linux64_1.0.0.202410170706/tools/bin/../lib/gcc/arm-none-eabi/13.3.1/thumb/v7e-m+fp/hard/crtn.o
OUTPUT(feedback_control_systems.elf elf32-littlearm)
LOAD linker stubs
LOAD /opt/st/stm32cubeide_1.18.0/plugins/com.st.stm32cube.ide.mcu.externaltools.gnu-tools-for-stm32.13.3.rel1.linux64_1.0.0.202410170706/tools/bin/../lib/gcc/arm-none-eabi/13.3.1/../../../../arm-none-eabi/lib/thumb/v7e-m+fp/hard/libc.a
LOAD /opt/st/stm32cubeide_1.18.0/plugins/com.st.stm32cube.ide.mcu.externaltools.gnu-tools-for-stm32.13.3.rel1.linux64_1.0.0.202410170706/tools/bin/../lib/gcc/arm-none-eabi/13.3.1/../../../../arm-none-eabi/lib/thumb/v7e-m+fp/hard/libm.a
LOAD /opt/st/stm32cubeide_1.18.0/plugins/com.st.stm32cube.ide.mcu.externaltools.gnu-tools-for-stm32.13.3.rel1.linux64_1.0.0.202410170706/tools/bin/../lib/gcc/arm-none-eabi/13.3.1/thumb/v7e-m+fp/hard/libgcc.a

.debug_info     0x00000000    0x109ca
 .debug_info    0x00000000     0x145b ./Core/Src/main.o
 .debug_info    0x0000145b     0x1254 ./Core/Src/stm32f4xx_hal_msp.o
 .debug_info    0x000026af      0x99f ./Core/Src/stm32f4xx_it.o
 .debug_info    0x0000304e      0x53e ./Core/Src/system_stm32f4xx.o
 .debug_info    0x0000358c       0x30 ./Core/Startup/startup_stm32f411ceux.o
 .debug_info    0x000035bc      0x8c4 ./Drivers/STM32F4xx_HAL_Driver/Src/stm32f4xx_hal.o
 .debug_info    0x00003e80      0xcd1 ./Drivers/STM32F4xx_HAL_Driver/Src/stm32f4xx_hal_adc.o
 .debug_info    0x00004b51      0xcfc ./Drivers/STM32F4xx_HAL_Driver/Src/stm32f4xx_hal_cortex.o
 .debug_info    0x0000584d      0x8e6 ./Drivers/STM32F4xx_HAL_Driver/Src/stm32f4xx_hal_dma.o
 .debug_info    0x00006133      0x6f9 ./Drivers/STM32F4xx_HAL_Driver/Src/stm32f4xx_hal_gpio.o
 .debug_info    0x0000682c      0x8f0 ./Drivers/STM32F4xx_HAL_Driver/Src/stm32f4xx_hal_rcc.o
 .debug_info    0x0000711c     0x2996 ./Drivers/STM32F4xx_HAL_Driver/Src/stm32f4xx_hal_tim.o
 .debug_info    0x00009ab2     0x14d4 ./Drivers/STM32F4xx_HAL_Driver/Src/stm32f4xx_hal_tim_ex.o
 .debug_info    0x0000af86     0x2f56 ./Drivers/STM32F4xx_HAL_Driver/Src/stm32f4xx_hal_uart.o
 .debug_info    0x0000dedc     0x10de ./app/app_sm.o
 .debug_info    0x0000efba       0xe2 ./app/checksum.o
 .debug_info    0x0000f09c      0x7a9 ./app/control.o
 .debug_info    0x0000f845      0x7f2 ./app/hal_uart.o
 .debug_info    0x00010037      0x86e ./app/hw.o
 .debug_info    0x000108a5      0x125 ./app/payload_composer.o

.debug_abbrev   0x00000000     0x27ca
 .debug_abbrev  0x00000000      0x2b9 ./Core/Src/main.o
 .debug_abbrev  0x000002b9      0x21f ./Core/Src/stm32f4xx_hal_msp.o
 .debug_abbrev  0x000004d8      0x1af ./Core/Src/stm32f4xx_it.o
 .debug_abbrev  0x00000687      0x11a ./Core/Src/system_stm32f4xx.o
 .debug_abbrev  0x000007a1       0x24 ./Core/Startup/startup_stm32f411ceux.o
 .debug_abbrev  0x000007c5      0x24b ./Drivers/STM32F4xx_HAL_Driver/Src/stm32f4xx_hal.o
 .debug_abbrev  0x00000a10      0x20e ./Drivers/STM32F4xx_HAL_Driver/Src/stm32f4xx_hal_adc.o
 .debug_abbrev  0x00000c1e      0x31d ./Drivers/STM32F4xx_HAL_Driver/Src/stm32f4xx_hal_cortex.o
 .debug_abbrev  0x00000f3b      0x221 ./Drivers/STM32F4xx_HAL_Driver/Src/stm32f4xx_hal_dma.o
 .debug_abbrev  0x0000115c      0x1d3 ./Drivers/STM32F4xx_HAL_Driver/Src/stm32f4xx_hal_gpio.o
 .debug_abbrev  0x0000132f      0x2b6 ./Drivers/STM32F4xx_HAL_Driver/Src/stm32f4xx_hal_rcc.o
 .debug_abbrev  0x000015e5      0x28b ./Drivers/STM32F4xx_HAL_Driver/Src/stm32f4xx_hal_tim.o
 .debug_abbrev  0x00001870      0x296 ./Drivers/STM32F4xx_HAL_Driver/Src/stm32f4xx_hal_tim_ex.o
 .debug_abbrev  0x00001b06      0x31b ./Drivers/STM32F4xx_HAL_Driver/Src/stm32f4xx_hal_uart.o
 .debug_abbrev  0x00001e21      0x334 ./app/app_sm.o
 .debug_abbrev  0x00002155       0x96 ./app/checksum.o
 .debug_abbrev  0x000021eb      0x18c ./app/control.o
 .debug_abbrev  0x00002377      0x1bb ./app/hal_uart.o
 .debug_abbrev  0x00002532      0x1eb ./app/hw.o
 .debug_abbrev  0x0000271d       0xad ./app/payload_composer.o

.debug_aranges  0x00000000      0xee0
 .debug_aranges
                0x00000000       0x60 ./Core/Src/main.o
 .debug_aranges
                0x00000060       0x58 ./Core/Src/stm32f4xx_hal_msp.o
 .debug_aranges
                0x000000b8       0x78 ./Core/Src/stm32f4xx_it.o
 .debug_aranges
                0x00000130       0x28 ./Core/Src/system_stm32f4xx.o
 .debug_aranges
                0x00000158       0x28 ./Core/Startup/startup_stm32f411ceux.o
 .debug_aranges
                0x00000180       0xf0 ./Drivers/STM32F4xx_HAL_Driver/Src/stm32f4xx_hal.o
 .debug_aranges
                0x00000270       0xe8 ./Drivers/STM32F4xx_HAL_Driver/Src/stm32f4xx_hal_adc.o
 .debug_aranges
                0x00000358      0x130 ./Drivers/STM32F4xx_HAL_Driver/Src/stm32f4xx_hal_cortex.o
 .debug_aranges
                0x00000488       0x90 ./Drivers/STM32F4xx_HAL_Driver/Src/stm32f4xx_hal_dma.o
 .debug_aranges
                0x00000518       0x58 ./Drivers/STM32F4xx_HAL_Driver/Src/stm32f4xx_hal_gpio.o
 .debug_aranges
                0x00000570       0x88 ./Drivers/STM32F4xx_HAL_Driver/Src/stm32f4xx_hal_rcc.o
 .debug_aranges
                0x000005f8      0x3d0 ./Drivers/STM32F4xx_HAL_Driver/Src/stm32f4xx_hal_tim.o
 .debug_aranges
                0x000009c8      0x168 ./Drivers/STM32F4xx_HAL_Driver/Src/stm32f4xx_hal_tim_ex.o
 .debug_aranges
                0x00000b30      0x208 ./Drivers/STM32F4xx_HAL_Driver/Src/stm32f4xx_hal_uart.o
 .debug_aranges
                0x00000d38       0x88 ./app/app_sm.o
 .debug_aranges
                0x00000dc0       0x20 ./app/checksum.o
 .debug_aranges
                0x00000de0       0x30 ./app/control.o
 .debug_aranges
                0x00000e10       0x58 ./app/hal_uart.o
 .debug_aranges
                0x00000e68       0x58 ./app/hw.o
 .debug_aranges
                0x00000ec0       0x20 ./app/payload_composer.o

.debug_rnglists
                0x00000000      0xb8a
 .debug_rnglists
                0x00000000       0x49 ./Core/Src/main.o
 .debug_rnglists
                0x00000049       0x40 ./Core/Src/stm32f4xx_hal_msp.o
 .debug_rnglists
                0x00000089       0x55 ./Core/Src/stm32f4xx_it.o
 .debug_rnglists
                0x000000de       0x1a ./Core/Src/system_stm32f4xx.o
 .debug_rnglists
                0x000000f8       0x19 ./Core/Startup/startup_stm32f411ceux.o
 .debug_rnglists
                0x00000111       0xaf ./Drivers/STM32F4xx_HAL_Driver/Src/stm32f4xx_hal.o
 .debug_rnglists
                0x000001c0       0xb5 ./Drivers/STM32F4xx_HAL_Driver/Src/stm32f4xx_hal_adc.o
 .debug_rnglists
                0x00000275       0xe0 ./Drivers/STM32F4xx_HAL_Driver/Src/stm32f4xx_hal_cortex.o
 .debug_rnglists
                0x00000355       0x70 ./Drivers/STM32F4xx_HAL_Driver/Src/stm32f4xx_hal_dma.o
 .debug_rnglists
                0x000003c5       0x3f ./Drivers/STM32F4xx_HAL_Driver/Src/stm32f4xx_hal_gpio.o
 .debug_rnglists
                0x00000404       0x66 ./Drivers/STM32F4xx_HAL_Driver/Src/stm32f4xx_hal_rcc.o
 .debug_rnglists
                0x0000046a      0x31a ./Drivers/STM32F4xx_HAL_Driver/Src/stm32f4xx_hal_tim.o
 .debug_rnglists
                0x00000784      0x125 ./Drivers/STM32F4xx_HAL_Driver/Src/stm32f4xx_hal_tim_ex.o
 .debug_rnglists
                0x000008a9      0x1bc ./Drivers/STM32F4xx_HAL_Driver/Src/stm32f4xx_hal_uart.o
 .debug_rnglists
                0x00000a65       0x65 ./app/app_sm.o
 .debug_rnglists
                0x00000aca       0x13 ./app/checksum.o
 .debug_rnglists
                0x00000add       0x20 ./app/control.o
 .debug_rnglists
                0x00000afd       0x3d ./app/hal_uart.o
 .debug_rnglists
                0x00000b3a       0x3d ./app/hw.o
 .debug_rnglists
                0x00000b77       0x13 ./app/payload_composer.o

.debug_macro    0x00000000    0x179ee
 .debug_macro   0x00000000      0x21d ./Core/Src/main.o
 .debug_macro   0x0000021d      0xad8 ./Core/Src/main.o
 .debug_macro   0x00000cf5      0x2a1 ./Core/Src/main.o
 .debug_macro   0x00000f96       0x2e ./Core/Src/main.o
 .debug_macro   0x00000fc4       0x28 ./Core/Src/main.o
 .debug_macro   0x00000fec       0x22 ./Core/Src/main.o
 .debug_macro   0x0000100e       0x8e ./Core/Src/main.o
 .debug_macro   0x0000109c       0x51 ./Core/Src/main.o
 .debug_macro   0x000010ed      0x103 ./Core/Src/main.o
 .debug_macro   0x000011f0       0x6a ./Core/Src/main.o
 .debug_macro   0x0000125a      0x1df ./Core/Src/main.o
 .debug_macro   0x00001439       0x1c ./Core/Src/main.o
 .debug_macro   0x00001455       0x22 ./Core/Src/main.o
 .debug_macro   0x00001477       0xfb ./Core/Src/main.o
 .debug_macro   0x00001572     0x1011 ./Core/Src/main.o
 .debug_macro   0x00002583      0x11f ./Core/Src/main.o
 .debug_macro   0x000026a2     0xb953 ./Core/Src/main.o
 .debug_macro   0x0000dff5       0x6d ./Core/Src/main.o
 .debug_macro   0x0000e062     0x369a ./Core/Src/main.o
 .debug_macro   0x000116fc      0x190 ./Core/Src/main.o
 .debug_macro   0x0001188c       0x5c ./Core/Src/main.o
 .debug_macro   0x000118e8      0x45c ./Core/Src/main.o
 .debug_macro   0x00011d44      0x9e9 ./Core/Src/main.o
 .debug_macro   0x0001272d      0x115 ./Core/Src/main.o
 .debug_macro   0x00012842      0x11b ./Core/Src/main.o
 .debug_macro   0x0001295d       0xa5 ./Core/Src/main.o
 .debug_macro   0x00012a02      0x15f ./Core/Src/main.o
 .debug_macro   0x00012b61      0x287 ./Core/Src/main.o
 .debug_macro   0x00012de8       0x5f ./Core/Src/main.o
 .debug_macro   0x00012e47      0x236 ./Core/Src/main.o
 .debug_macro   0x0001307d      0x9e1 ./Core/Src/main.o
 .debug_macro   0x00013a5e      0x38b ./Core/Src/main.o
 .debug_macro   0x00013de9      0x17d ./Core/Src/main.o
 .debug_macro   0x00013f66       0xf9 ./Core/Src/main.o
 .debug_macro   0x0001405f      0x132 ./Core/Src/main.o
 .debug_macro   0x00014191      0x264 ./Core/Src/main.o
 .debug_macro   0x000143f5       0x2e ./Core/Src/main.o
 .debug_macro   0x00014423      0x127 ./Core/Src/main.o
 .debug_macro   0x0001454a       0x85 ./Core/Src/main.o
 .debug_macro   0x000145cf       0x89 ./Core/Src/main.o
 .debug_macro   0x00014658      0x8ed ./Core/Src/main.o
 .debug_macro   0x00014f45       0x47 ./Core/Src/main.o
 .debug_macro   0x00014f8c      0x2aa ./Core/Src/main.o
 .debug_macro   0x00015236      0x126 ./Core/Src/main.o
 .debug_macro   0x0001535c       0x28 ./Core/Src/main.o
 .debug_macro   0x00015384       0x16 ./Core/Src/main.o
 .debug_macro   0x0001539a       0x14 ./Core/Src/main.o
 .debug_macro   0x000153ae      0x205 ./Core/Src/stm32f4xx_hal_msp.o
 .debug_macro   0x000155b3      0x20f ./Core/Src/stm32f4xx_it.o
 .debug_macro   0x000157c2      0x1f6 ./Core/Src/system_stm32f4xx.o
 .debug_macro   0x000159b8      0x256 ./Drivers/STM32F4xx_HAL_Driver/Src/stm32f4xx_hal.o
 .debug_macro   0x00015c0e      0x1f7 ./Drivers/STM32F4xx_HAL_Driver/Src/stm32f4xx_hal_adc.o
 .debug_macro   0x00015e05      0x1f6 ./Drivers/STM32F4xx_HAL_Driver/Src/stm32f4xx_hal_cortex.o
 .debug_macro   0x00015ffb      0x1fc ./Drivers/STM32F4xx_HAL_Driver/Src/stm32f4xx_hal_dma.o
 .debug_macro   0x000161f7      0x1fc ./Drivers/STM32F4xx_HAL_Driver/Src/stm32f4xx_hal_gpio.o
 .debug_macro   0x000163f3      0x21a ./Drivers/STM32F4xx_HAL_Driver/Src/stm32f4xx_hal_rcc.o
 .debug_macro   0x0001660d      0x1f7 ./Drivers/STM32F4xx_HAL_Driver/Src/stm32f4xx_hal_tim.o
 .debug_macro   0x00016804      0x1f6 ./Drivers/STM32F4xx_HAL_Driver/Src/stm32f4xx_hal_tim_ex.o
 .debug_macro   0x000169fa      0x1f7 ./Drivers/STM32F4xx_HAL_Driver/Src/stm32f4xx_hal_uart.o
 .debug_macro   0x00016bf1      0x31f ./app/app_sm.o
 .debug_macro   0x00016f10       0x22 ./app/app_sm.o
 .debug_macro   0x00016f32       0x61 ./app/app_sm.o
 .debug_macro   0x00016f93      0x11c ./app/app_sm.o
 .debug_macro   0x000170af       0x9b ./app/app_sm.o
 .debug_macro   0x0001714a       0x1a ./app/app_sm.o
 .debug_macro   0x00017164       0x56 ./app/app_sm.o
 .debug_macro   0x000171ba       0x22 ./app/app_sm.o
 .debug_macro   0x000171dc       0x6d ./app/checksum.o
 .debug_macro   0x00017249      0x20e ./app/control.o
 .debug_macro   0x00017457      0x20f ./app/hal_uart.o
 .debug_macro   0x00017666      0x20f ./app/hw.o
 .debug_macro   0x00017875      0x149 ./app/payload_composer.o
 .debug_macro   0x000179be       0x10 ./app/payload_composer.o
 .debug_macro   0x000179ce       0x20 ./app/payload_composer.o

.debug_line     0x00000000    0x10da1
 .debug_line    0x00000000      0xa27 ./Core/Src/main.o
 .debug_line    0x00000a27      0x829 ./Core/Src/stm32f4xx_hal_msp.o
 .debug_line    0x00001250      0x7c9 ./Core/Src/stm32f4xx_it.o
 .debug_line    0x00001a19      0x757 ./Core/Src/system_stm32f4xx.o
 .debug_line    0x00002170       0x7a ./Core/Startup/startup_stm32f411ceux.o
 .debug_line    0x000021ea      0x9c4 ./Drivers/STM32F4xx_HAL_Driver/Src/stm32f4xx_hal.o
 .debug_line    0x00002bae     0x1118 ./Drivers/STM32F4xx_HAL_Driver/Src/stm32f4xx_hal_adc.o
 .debug_line    0x00003cc6      0xc94 ./Drivers/STM32F4xx_HAL_Driver/Src/stm32f4xx_hal_cortex.o
 .debug_line    0x0000495a      0xf30 ./Drivers/STM32F4xx_HAL_Driver/Src/stm32f4xx_hal_dma.o
 .debug_line    0x0000588a      0xae0 ./Drivers/STM32F4xx_HAL_Driver/Src/stm32f4xx_hal_gpio.o
 .debug_line    0x0000636a      0xdd1 ./Drivers/STM32F4xx_HAL_Driver/Src/stm32f4xx_hal_rcc.o
 .debug_line    0x0000713b     0x350b ./Drivers/STM32F4xx_HAL_Driver/Src/stm32f4xx_hal_tim.o
 .debug_line    0x0000a646     0x18bf ./Drivers/STM32F4xx_HAL_Driver/Src/stm32f4xx_hal_tim_ex.o
 .debug_line    0x0000bf05     0x24d3 ./Drivers/STM32F4xx_HAL_Driver/Src/stm32f4xx_hal_uart.o
 .debug_line    0x0000e3d8      0xac4 ./app/app_sm.o
 .debug_line    0x0000ee9c      0x37a ./app/checksum.o
 .debug_line    0x0000f216      0x76c ./app/control.o
 .debug_line    0x0000f982      0x7bc ./app/hal_uart.o
 .debug_line    0x0001013e      0x772 ./app/hw.o
 .debug_line    0x000108b0      0x4f1 ./app/payload_composer.o

.debug_str      0x00000000    0x99fdd
 .debug_str     0x00000000    0x99fdd ./Core/Src/main.o
                              0x938ee (size before relaxing)
 .debug_str     0x00099fdd    0x93791 ./Core/Src/stm32f4xx_hal_msp.o
 .debug_str     0x00099fdd    0x930fd ./Core/Src/stm32f4xx_it.o
 .debug_str     0x00099fdd    0x929e3 ./Core/Src/system_stm32f4xx.o
 .debug_str     0x00099fdd       0xc2 ./Core/Startup/startup_stm32f411ceux.o
 .debug_str     0x00099fdd    0x9340f ./Drivers/STM32F4xx_HAL_Driver/Src/stm32f4xx_hal.o
 .debug_str     0x00099fdd    0x92fbe ./Drivers/STM32F4xx_HAL_Driver/Src/stm32f4xx_hal_adc.o
 .debug_str     0x00099fdd    0x93179 ./Drivers/STM32F4xx_HAL_Driver/Src/stm32f4xx_hal_cortex.o
 .debug_str     0x00099fdd    0x92deb ./Drivers/STM32F4xx_HAL_Driver/Src/stm32f4xx_hal_dma.o
 .debug_str     0x00099fdd    0x92b5e ./Drivers/STM32F4xx_HAL_Driver/Src/stm32f4xx_hal_gpio.o
 .debug_str     0x00099fdd    0x92e17 ./Drivers/STM32F4xx_HAL_Driver/Src/stm32f4xx_hal_rcc.o
 .debug_str     0x00099fdd    0x93d5b ./Drivers/STM32F4xx_HAL_Driver/Src/stm32f4xx_hal_tim.o
 .debug_str     0x00099fdd    0x93567 ./Drivers/STM32F4xx_HAL_Driver/Src/stm32f4xx_hal_tim_ex.o
 .debug_str     0x00099fdd    0x933e6 ./Drivers/STM32F4xx_HAL_Driver/Src/stm32f4xx_hal_uart.o
 .debug_str     0x00099fdd    0x969ef ./app/app_sm.o
 .debug_str     0x00099fdd     0x3e0b ./app/checksum.o
 .debug_str     0x00099fdd    0x92e2f ./app/control.o
 .debug_str     0x00099fdd    0x92f86 ./app/hal_uart.o
 .debug_str     0x00099fdd    0x92f75 ./app/hw.o
 .debug_str     0x00099fdd     0x7416 ./app/payload_composer.o

.comment        0x00000000       0x43
 .comment       0x00000000       0x43 ./Core/Src/main.o
                                 0x44 (size before relaxing)
 .comment       0x00000043       0x44 ./Core/Src/stm32f4xx_hal_msp.o
 .comment       0x00000043       0x44 ./Core/Src/stm32f4xx_it.o
 .comment       0x00000043       0x44 ./Core/Src/system_stm32f4xx.o
 .comment       0x00000043       0x44 ./Drivers/STM32F4xx_HAL_Driver/Src/stm32f4xx_hal.o
 .comment       0x00000043       0x44 ./Drivers/STM32F4xx_HAL_Driver/Src/stm32f4xx_hal_adc.o
 .comment       0x00000043       0x44 ./Drivers/STM32F4xx_HAL_Driver/Src/stm32f4xx_hal_cortex.o
 .comment       0x00000043       0x44 ./Drivers/STM32F4xx_HAL_Driver/Src/stm32f4xx_hal_dma.o
 .comment       0x00000043       0x44 ./Drivers/STM32F4xx_HAL_Driver/Src/stm32f4xx_hal_gpio.o
 .comment       0x00000043       0x44 ./Drivers/STM32F4xx_HAL_Driver/Src/stm32f4xx_hal_rcc.o
 .comment       0x00000043       0x44 ./Drivers/STM32F4xx_HAL_Driver/Src/stm32f4xx_hal_tim.o
 .comment       0x00000043       0x44 ./Drivers/STM32F4xx_HAL_Driver/Src/stm32f4xx_hal_tim_ex.o
 .comment       0x00000043       0x44 ./Drivers/STM32F4xx_HAL_Driver/Src/stm32f4xx_hal_uart.o
 .comment       0x00000043       0x44 ./app/app_sm.o
 .comment       0x00000043       0x44 ./app/checksum.o
 .comment       0x00000043       0x44 ./app/control.o
 .comment       0x00000043       0x44 ./app/hal_uart.o
 .comment       0x00000043       0x44 ./app/hw.o
 .comment       0x00000043       0x44 ./app/payload_composer.o

.debug_frame    0x00000000     0x3e64
 .debug_frame   0x00000000      0x13c ./Core/Src/main.o
 .debug_frame   0x0000013c      0x134 ./Core/Src/stm32f4xx_hal_msp.o
 .debug_frame   0x00000270      0x158 ./Core/Src/stm32f4xx_it.o
 .debug_frame   0x000003c8       0x58 ./Core/Src/system_stm32f4xx.o
 .debug_frame   0x00000420      0x374 ./Drivers/STM32F4xx_HAL_Driver/Src/stm32f4xx_hal.o
 .debug_frame   0x00000794      0x3fc ./Drivers/STM32F4xx_HAL_Driver/Src/stm32f4xx_hal_adc.o
 .debug_frame   0x00000b90      0x508 ./Drivers/STM32F4xx_HAL_Driver/Src/stm32f4xx_hal_cortex.o
 .debug_frame   0x00001098      0x250 ./Drivers/STM32F4xx_HAL_Driver/Src/stm32f4xx_hal_dma.o
 .debug_frame   0x000012e8      0x14c ./Drivers/STM32F4xx_HAL_Driver/Src/stm32f4xx_hal_gpio.o
 .debug_frame   0x00001434      0x1f4 ./Drivers/STM32F4xx_HAL_Driver/Src/stm32f4xx_hal_rcc.o
 .debug_frame   0x00001628     0x11b8 ./Drivers/STM32F4xx_HAL_Driver/Src/stm32f4xx_hal_tim.o
 .debug_frame   0x000027e0      0x638 ./Drivers/STM32F4xx_HAL_Driver/Src/stm32f4xx_hal_tim_ex.o
 .debug_frame   0x00002e18      0x954 ./Drivers/STM32F4xx_HAL_Driver/Src/stm32f4xx_hal_uart.o
 .debug_frame   0x0000376c      0x204 ./app/app_sm.o
 .debug_frame   0x00003970       0x38 ./app/checksum.o
 .debug_frame   0x000039a8       0x84 ./app/control.o
 .debug_frame   0x00003a2c      0x12c ./app/hal_uart.o
 .debug_frame   0x00003b58      0x104 ./app/hw.o
 .debug_frame   0x00003c5c       0x34 ./app/payload_composer.o
 .debug_frame   0x00003c90       0x20 /opt/st/stm32cubeide_1.18.0/plugins/com.st.stm32cube.ide.mcu.externaltools.gnu-tools-for-stm32.13.3.rel1.linux64_1.0.0.202410170706/tools/bin/../lib/gcc/arm-none-eabi/13.3.1/../../../../arm-none-eabi/lib/thumb/v7e-m+fp/hard/libc_nano.a(libc_a-memset.o)
 .debug_frame   0x00003cb0       0x2c /opt/st/stm32cubeide_1.18.0/plugins/com.st.stm32cube.ide.mcu.externaltools.gnu-tools-for-stm32.13.3.rel1.linux64_1.0.0.202410170706/tools/bin/../lib/gcc/arm-none-eabi/13.3.1/../../../../arm-none-eabi/lib/thumb/v7e-m+fp/hard/libc_nano.a(libc_a-init.o)
 .debug_frame   0x00003cdc       0x28 /opt/st/stm32cubeide_1.18.0/plugins/com.st.stm32cube.ide.mcu.externaltools.gnu-tools-for-stm32.13.3.rel1.linux64_1.0.0.202410170706/tools/bin/../lib/gcc/arm-none-eabi/13.3.1/../../../../arm-none-eabi/lib/thumb/v7e-m+fp/hard/libc_nano.a(libc_a-memcpy-stub.o)
 .debug_frame   0x00003d04       0x30 /opt/st/stm32cubeide_1.18.0/plugins/com.st.stm32cube.ide.mcu.externaltools.gnu-tools-for-stm32.13.3.rel1.linux64_1.0.0.202410170706/tools/bin/../lib/gcc/arm-none-eabi/13.3.1/thumb/v7e-m+fp/hard/libgcc.a(_arm_muldf3.o)
 .debug_frame   0x00003d34       0xac /opt/st/stm32cubeide_1.18.0/plugins/com.st.stm32cube.ide.mcu.externaltools.gnu-tools-for-stm32.13.3.rel1.linux64_1.0.0.202410170706/tools/bin/../lib/gcc/arm-none-eabi/13.3.1/thumb/v7e-m+fp/hard/libgcc.a(_arm_addsubdf3.o)
 .debug_frame   0x00003de0       0x24 /opt/st/stm32cubeide_1.18.0/plugins/com.st.stm32cube.ide.mcu.externaltools.gnu-tools-for-stm32.13.3.rel1.linux64_1.0.0.202410170706/tools/bin/../lib/gcc/arm-none-eabi/13.3.1/thumb/v7e-m+fp/hard/libgcc.a(_arm_fixunsdfsi.o)
 .debug_frame   0x00003e04       0x2c /opt/st/stm32cubeide_1.18.0/plugins/com.st.stm32cube.ide.mcu.externaltools.gnu-tools-for-stm32.13.3.rel1.linux64_1.0.0.202410170706/tools/bin/../lib/gcc/arm-none-eabi/13.3.1/thumb/v7e-m+fp/hard/libgcc.a(_aeabi_uldivmod.o)
 .debug_frame   0x00003e30       0x34 /opt/st/stm32cubeide_1.18.0/plugins/com.st.stm32cube.ide.mcu.externaltools.gnu-tools-for-stm32.13.3.rel1.linux64_1.0.0.202410170706/tools/bin/../lib/gcc/arm-none-eabi/13.3.1/thumb/v7e-m+fp/hard/libgcc.a(_udivmoddi4.o)

.debug_line_str
                0x00000000       0xa6
 .debug_line_str
                0x00000000       0xa6 ./Core/Startup/startup_stm32f411ceux.o
